tuner.cpp:8:6:void Tuner::init()	16	static
tuner.cpp:15:6:void Tuner::updateDevice()	16	static
tuner.cpp:20:6:void Tuner::dumpBuffers(uint8_t*, uint8_t*) const	32	static
tuner.cpp:27:17:uint16_t Tuner::StationToBytes(int)	24	static
tuner.cpp:35:12:int Tuner::StationFromBytes(uint16_t)	24	static
tuner.cpp:40:6:void Tuner::resetBuffer()	16	static
tuner.cpp:61:6:void Tuner::setStation(int)	32	static
tuner.cpp:82:5:int Tuner::getStation()	32	static
tuner.cpp:99:5:int Tuner::setVolume(uint8_t)	16	static
tuner.cpp:112:9:uint8_t Tuner::getVolume()	16	static
tuner.cpp:116:9:uint8_t Tuner::getSignalStrength()	16	static
tuner.cpp:120:6:void Tuner::seekUp()	16	static
tuner.cpp:127:6:void Tuner::seekDown()	16	static
tuner.cpp:137:6:bool Tuner::seekStatus()	24	static
tuner.cpp:146:6:bool Tuner::seekComplete()	24	static
tuner.cpp:152:6:void Tuner::setSeekSensitiviy(uint8_t)	16	static
tuner.cpp:160:6:bool Tuner::STstatus()	24	static
tuner.cpp:166:6:bool Tuner::TunedStatus()	16	static
tuner.cpp:174:6:void Tuner::forceMono(bool)	16	static
tuner.cpp:182:6:void Tuner::bassBoost(bool)	16	static
tuner.cpp:190:6:void Tuner::resetChip(bool)	16	static
tuner.cpp:199:6:void Tuner::enableChip()	16	static
tuner.cpp:204:6:void Tuner::disableChip()	16	static
tuner.cpp:209:6:void Tuner::mute(bool)	16	static
tuner.cpp:218:6:void Tuner::delayMicro(int)	24	static
tuner.cpp:224:6:void Tuner::delayMilli(int)	24	static
tuner.cpp:230:6:void Tuner::readDevice()	16	static
tuner.cpp:273:6:void Tuner::writeDevice()	16	static
