startup_lpc802.cpp:242:6:void data_init(unsigned int, unsigned int, unsigned int)	8	static
startup_lpc802.cpp:251:6:void bss_init(unsigned int, unsigned int)	0	static
startup_lpc802.cpp:276:6:void ResetISR()	8	static
startup_lpc802.cpp:361:14:void NMI_Handler()	0	static
startup_lpc802.cpp:365:14:void HardFault_Handler()	0	static
startup_lpc802.cpp:369:14:void SVC_Handler()	0	static
startup_lpc802.cpp:373:14:void PendSV_Handler()	0	static
startup_lpc802.cpp:377:14:void SysTick_Handler()	0	static
startup_lpc802.cpp:385:14:void IntDefaultHandler()	0	static
startup_lpc802.cpp:395:14:void SPI0_IRQHandler()	8	static
startup_lpc802.cpp:399:14:void Reserved17_IRQHandler()	8	static
startup_lpc802.cpp:403:14:void Reserved18_IRQHandler()	8	static
startup_lpc802.cpp:407:14:void USART0_IRQHandler()	8	static
startup_lpc802.cpp:411:14:void USART1_IRQHandler()	8	static
startup_lpc802.cpp:415:14:void Reserved21_IRQHandler()	8	static
startup_lpc802.cpp:419:14:void Reserved22_IRQHandler()	8	static
startup_lpc802.cpp:423:14:void Reserved23_IRQHandler()	8	static
startup_lpc802.cpp:427:14:void I2C0_IRQHandler()	8	static
startup_lpc802.cpp:431:14:void Reserved25_IRQHandler()	8	static
startup_lpc802.cpp:435:14:void MRT0_IRQHandler()	8	static
startup_lpc802.cpp:439:14:void CMP_IRQHandler()	8	static
startup_lpc802.cpp:443:14:void WDT_IRQHandler()	8	static
startup_lpc802.cpp:447:14:void BOD_IRQHandler()	8	static
startup_lpc802.cpp:451:14:void FLASH_IRQHandler()	8	static
startup_lpc802.cpp:455:14:void WKT_IRQHandler()	8	static
startup_lpc802.cpp:459:14:void ADC0_SEQA_IRQHandler()	8	static
startup_lpc802.cpp:463:14:void ADC0_SEQB_IRQHandler()	8	static
startup_lpc802.cpp:467:14:void ADC0_THCMP_IRQHandler()	8	static
startup_lpc802.cpp:471:14:void ADC0_OVR_IRQHandler()	8	static
startup_lpc802.cpp:475:14:void Reserved36_IRQHandler()	8	static
startup_lpc802.cpp:479:14:void Reserved37_IRQHandler()	8	static
startup_lpc802.cpp:483:14:void Reserved38_IRQHandler()	8	static
startup_lpc802.cpp:487:14:void CTIMER0_IRQHandler()	8	static
startup_lpc802.cpp:491:14:void PIN_INT0_IRQHandler()	8	static
startup_lpc802.cpp:495:14:void PIN_INT1_IRQHandler()	8	static
startup_lpc802.cpp:499:14:void PIN_INT2_IRQHandler()	8	static
startup_lpc802.cpp:503:14:void PIN_INT3_IRQHandler()	8	static
startup_lpc802.cpp:507:14:void PIN_INT4_IRQHandler()	8	static
startup_lpc802.cpp:511:14:void PIN_INT5_IRQHandler()	8	static
startup_lpc802.cpp:515:14:void PIN_INT6_IRQHandler()	8	static
startup_lpc802.cpp:519:14:void PIN_INT7_IRQHandler()	8	static
